// Jest Snapshot v1, https://goo.gl/fbAQLP

exports[`renders 1`] = `
<DocumentFragment>
  <div>
    <div
      class="box title is-4 username"
    >
      <span>
        Username: 
        <p
          class="username"
        >
          michael
        </p>
      </span>
      <br />
       Email: hermanmu@gmail.com
    </div>
    <div
      class="box title is-4 username"
    >
      <span>
        Username: 
        <p
          class="username"
        >
          michaelherman
        </p>
      </span>
      <br />
       Email: michael@mherman.org
    </div>
  </div>
</DocumentFragment>
`;
